// Jest Snapshot v1, https://goo.gl/fbAQLP

exports[`Track should match the snapshot of Track component 1`] = `null`;
