// Jest Snapshot v1, https://goo.gl/fbAQLP

exports[`AddDeal should match the snapshot of AddDeal component 1`] = `null`;
