// Jest Snapshot v1, https://goo.gl/fbAQLP

exports[`Profile should match the snapshot of Profile component 1`] = `null`;
