// Jest Snapshot v1, https://goo.gl/fbAQLP

exports[`Login should match the snapshot of Login component 1`] = `
Array [
  <div
    className="appbar"
  >
    <a
      href="/registration"
      onClick={[Function]}
    >
      <svg
        aria-hidden={true}
        className="MuiSvgIcon-root"
        focusable="false"
        viewBox="0 0 24 24"
      >
        <path
          d="M17.51 3.87L15.73 2.1 5.84 12l9.9 9.9 1.77-1.77L9.38 12l8.13-8.13z"
        />
      </svg>
    </a>
    <div
      className="title"
    >
      Sign In
    </div>
  </div>,
  <div
    className="auth"
  >
    <form
      onSubmit={[Function]}
    >
      <input
        name="username"
        onChange={[Function]}
        placeholder="Username"
        required={true}
        type="text"
        value=""
      />
      <input
        name="password"
        onChange={[Function]}
        placeholder="Password"
        required={true}
        type="password"
        value=""
      />
      <button
        type="submit"
      >
        Login
      </button>
    </form>
    <div
      className="auth-error hide"
    >
      Credentials Not Available
    </div>
    <div
      className="auth-sub"
    >
      <p>
        New User Registration form
      </p>
      <a
        href="/registration"
        onClick={[Function]}
      >
        Sign Up
      </a>
    </div>
  </div>,
]
`;
