// Jest Snapshot v1, https://goo.gl/fbAQLP

exports[`Registration should match the snapshot of Registration component 1`] = `
Array [
  <div
    className="appbar"
  >
    <a
      href="/"
      onClick={[Function]}
    >
      <svg
        aria-hidden={true}
        className="MuiSvgIcon-root"
        focusable="false"
        viewBox="0 0 24 24"
      >
        <path
          d="M17.51 3.87L15.73 2.1 5.84 12l9.9 9.9 1.77-1.77L9.38 12l8.13-8.13z"
        />
      </svg>
    </a>
    <div
      className="title"
    >
      Sign up
    </div>
  </div>,
  <div
    className="auth"
  >
    <form
      id="form"
      onSubmit={[Function]}
    >
      <input
        name="username"
        onChange={[Function]}
        placeholder="Username (4-8 character)"
        required={true}
        type="text"
        value=""
      />
      <input
        name="password"
        onChange={[Function]}
        placeholder="Password"
        required={true}
        type="password"
        value=""
      />
      <input
        name="password_confirmation"
        onChange={[Function]}
        placeholder="Password Confirmation"
        required={true}
        type="password"
        value=""
      />
      <button
        type="submit"
      >
        Register
      </button>
    </form>
    <div
      className="auth-error hide"
    >
      Registration Failed
    </div>
    <div
      className="auth-sub"
    >
      <p>
        Existing users Login
      </p>
      <a
        href="/"
        onClick={[Function]}
      >
        Sign In
      </a>
    </div>
  </div>,
]
`;
